{
    "Params: Bakta annotation": {
        "content": [
            {
                "BACMODEL_SUMMARY": {
                    "python": "3.12",
                    "pandas": "2.2.1"
                },
                "BAKTA_BAKTA": {
                    "bakta": "1.12.0"
                },
                "BAKTA_BAKTADBDOWNLOAD": {
                    "bakta": "1.12.0"
                },
                "Workflow": {
                    "nf-core/bacmodel": "v1.0.0"
                }
            },
            [
                "annotation",
                "annotation/bakta",
                "annotation/bakta/faecalibacterium_taiwanense.embl",
                "annotation/bakta/faecalibacterium_taiwanense.faa",
                "annotation/bakta/faecalibacterium_taiwanense.ffn",
                "annotation/bakta/faecalibacterium_taiwanense.fna",
                "annotation/bakta/faecalibacterium_taiwanense.gbff",
                "annotation/bakta/faecalibacterium_taiwanense.gff3",
                "annotation/bakta/faecalibacterium_taiwanense.hypotheticals.faa",
                "annotation/bakta/faecalibacterium_taiwanense.hypotheticals.tsv",
                "annotation/bakta/faecalibacterium_taiwanense.tsv",
                "annotation/bakta/faecalibacterium_taiwanense.txt",
                "databases",
                "databases/bakta",
                "databases/bakta/db-light",
                "databases/bakta/db-light/amrfinderplus-db",
                "databases/bakta/db-light/amrfinderplus-db/2024-12-18.1",
                "databases/bakta/db-light/amrfinderplus-db/2024-12-18.1/AMR.LIB.h3f",
                "databases/bakta/db-light/amrfinderplus-db/2024-12-18.1/AMR.LIB.h3i",
                "databases/bakta/db-light/amrfinderplus-db/2024-12-18.1/AMR.LIB.h3m",
                "databases/bakta/db-light/amrfinderplus-db/2024-12-18.1/AMR.LIB.h3p",
                "databases/bakta/db-light/amrfinderplus-db/2024-12-18.1/AMRProt-mutation.tsv",
                "databases/bakta/db-light/amrfinderplus-db/2024-12-18.1/AMRProt-suppress.tsv",
                "databases/bakta/db-light/amrfinderplus-db/2024-12-18.1/AMRProt-susceptible.tsv",
                "databases/bakta/db-light/amrfinderplus-db/2024-12-18.1/AMRProt.fa.pdb",
                "databases/bakta/db-light/amrfinderplus-db/2024-12-18.1/AMRProt.fa.phr",
                "databases/bakta/db-light/amrfinderplus-db/2024-12-18.1/AMRProt.fa.pin",
                "databases/bakta/db-light/amrfinderplus-db/2024-12-18.1/AMRProt.fa.pjs",
                "databases/bakta/db-light/amrfinderplus-db/2024-12-18.1/AMRProt.fa.pot",
                "databases/bakta/db-light/amrfinderplus-db/2024-12-18.1/AMRProt.fa.psq",
                "databases/bakta/db-light/amrfinderplus-db/2024-12-18.1/AMRProt.fa.ptf",
                "databases/bakta/db-light/amrfinderplus-db/2024-12-18.1/AMRProt.fa.pto",
                "databases/bakta/db-light/amrfinderplus-db/2024-12-18.1/database_format_version.txt",
                "databases/bakta/db-light/amrfinderplus-db/2024-12-18.1/fam.tsv",
                "databases/bakta/db-light/amrfinderplus-db/2024-12-18.1/taxgroup.tsv",
                "databases/bakta/db-light/amrfinderplus-db/2024-12-18.1/version.txt",
                "databases/bakta/db-light/amrfinderplus-db/2026-08-07.1",
                "databases/bakta/db-light/amrfinderplus-db/2026-08-07.1/AMR.LIB",
                "databases/bakta/db-light/amrfinderplus-db/2026-08-07.1/AMR.LIB.h3f",
                "databases/bakta/db-light/amrfinderplus-db/2026-08-07.1/AMR.LIB.h3i",
                "databases/bakta/db-light/amrfinderplus-db/2026-08-07.1/AMR.LIB.h3m",
                "databases/bakta/db-light/amrfinderplus-db/2026-08-07.1/AMR.LIB.h3p",
                "databases/bakta/db-light/amrfinderplus-db/2026-08-07.1/AMRProt-mutation.tsv",
                "databases/bakta/db-light/amrfinderplus-db/2026-08-07.1/AMRProt-suppress.tsv",
                "databases/bakta/db-light/amrfinderplus-db/2026-08-07.1/AMRProt-susceptible.fa",
                "databases/bakta/db-light/amrfinderplus-db/2026-08-07.1/AMRProt-susceptible.tsv",
                "databases/bakta/db-light/amrfinderplus-db/2026-08-07.1/AMRProt.fa",
                "databases/bakta/db-light/amrfinderplus-db/2026-08-07.1/AMRProt.fa.pdb",
                "databases/bakta/db-light/amrfinderplus-db/2026-08-07.1/AMRProt.fa.phr",
                "databases/bakta/db-light/amrfinderplus-db/2026-08-07.1/AMRProt.fa.pin",
                "databases/bakta/db-light/amrfinderplus-db/2026-08-07.1/AMRProt.fa.pjs",
                "databases/bakta/db-light/amrfinderplus-db/2026-08-07.1/AMRProt.fa.pot",
                "databases/bakta/db-light/amrfinderplus-db/2026-08-07.1/AMRProt.fa.psq",
                "databases/bakta/db-light/amrfinderplus-db/2026-08-07.1/AMRProt.fa.ptf",
                "databases/bakta/db-light/amrfinderplus-db/2026-08-07.1/AMRProt.fa.pto",
                "databases/bakta/db-light/amrfinderplus-db/2026-08-07.1/AMR_CDS.fa",
                "databases/bakta/db-light/amrfinderplus-db/2026-08-07.1/AMR_CDS.fa.ndb",
                "databases/bakta/db-light/amrfinderplus-db/2026-08-07.1/AMR_CDS.fa.nhr",
                "databases/bakta/db-light/amrfinderplus-db/2026-08-07.1/AMR_CDS.fa.nin",
                "databases/bakta/db-light/amrfinderplus-db/2026-08-07.1/AMR_CDS.fa.njs",
                "databases/bakta/db-light/amrfinderplus-db/2026-08-07.1/AMR_CDS.fa.not",
                "databases/bakta/db-light/amrfinderplus-db/2026-08-07.1/AMR_CDS.fa.nsq",
                "databases/bakta/db-light/amrfinderplus-db/2026-08-07.1/AMR_CDS.fa.ntf",
                "databases/bakta/db-light/amrfinderplus-db/2026-08-07.1/AMR_CDS.fa.nto",
                "databases/bakta/db-light/amrfinderplus-db/2026-08-07.1/AMR_DNA-Acinetobacter_baumannii.fa",
                "databases/bakta/db-light/amrfinderplus-db/2026-08-07.1/AMR_DNA-Acinetobacter_baumannii.fa.ndb",
                "databases/bakta/db-light/amrfinderplus-db/2026-08-07.1/AMR_DNA-Acinetobacter_baumannii.fa.nhr",
                "databases/bakta/db-light/amrfinderplus-db/2026-08-07.1/AMR_DNA-Acinetobacter_baumannii.fa.nin",
                "databases/bakta/db-light/amrfinderplus-db/2026-08-07.1/AMR_DNA-Acinetobacter_baumannii.fa.njs",
                "databases/bakta/db-light/amrfinderplus-db/2026-08-07.1/AMR_DNA-Acinetobacter_baumannii.fa.not",
                "databases/bakta/db-light/amrfinderplus-db/2026-08-07.1/AMR_DNA-Acinetobacter_baumannii.fa.nsq",
                "databases/bakta/db-light/amrfinderplus-db/2026-08-07.1/AMR_DNA-Acinetobacter_baumannii.fa.ntf",
                "databases/bakta/db-light/amrfinderplus-db/2026-08-07.1/AMR_DNA-Acinetobacter_baumannii.fa.nto",
                "databases/bakta/db-light/amrfinderplus-db/2026-08-07.1/AMR_DNA-Acinetobacter_baumannii.tsv",
                "databases/bakta/db-light/amrfinderplus-db/2026-08-07.1/AMR_DNA-Bordetella_pertussis.fa",
                "databases/bakta/db-light/amrfinderplus-db/2026-08-07.1/AMR_DNA-Bordetella_pertussis.fa.ndb",
                "databases/bakta/db-light/amrfinderplus-db/2026-08-07.1/AMR_DNA-Bordetella_pertussis.fa.nhr",
                "databases/bakta/db-light/amrfinderplus-db/2026-08-07.1/AMR_DNA-Bordetella_pertussis.fa.nin",
                "databases/bakta/db-light/amrfinderplus-db/2026-08-07.1/AMR_DNA-Bordetella_pertussis.fa.njs",
                "databases/bakta/db-light/amrfinderplus-db/2026-08-07.1/AMR_DNA-Bordetella_pertussis.fa.not",
                "databases/bakta/db-light/amrfinderplus-db/2026-08-07.1/AMR_DNA-Bordetella_pertussis.fa.nsq",
                "databases/bakta/db-light/amrfinderplus-db/2026-08-07.1/AMR_DNA-Bordetella_pertussis.fa.ntf",
                "databases/bakta/db-light/amrfinderplus-db/2026-08-07.1/AMR_DNA-Bordetella_pertussis.fa.nto",
                "databases/bakta/db-light/amrfinderplus-db/2026-08-07.1/AMR_DNA-Bordetella_pertussis.tsv",
                "databases/bakta/db-light/amrfinderplus-db/2026-08-07.1/AMR_DNA-Campylobacter.fa",
                "databases/bakta/db-light/amrfinderplus-db/2026-08-07.1/AMR_DNA-Campylobacter.fa.ndb",
                "databases/bakta/db-light/amrfinderplus-db/2026-08-07.1/AMR_DNA-Campylobacter.fa.nhr",
                "databases/bakta/db-light/amrfinderplus-db/2026-08-07.1/AMR_DNA-Campylobacter.fa.nin",
                "databases/bakta/db-light/amrfinderplus-db/2026-08-07.1/AMR_DNA-Campylobacter.fa.njs",
                "databases/bakta/db-light/amrfinderplus-db/2026-08-07.1/AMR_DNA-Campylobacter.fa.not",
                "databases/bakta/db-light/amrfinderplus-db/2026-08-07.1/AMR_DNA-Campylobacter.fa.nsq",
                "databases/bakta/db-light/amrfinderplus-db/2026-08-07.1/AMR_DNA-Campylobacter.fa.ntf",
                "databases/bakta/db-light/amrfinderplus-db/2026-08-07.1/AMR_DNA-Campylobacter.fa.nto",
                "databases/bakta/db-light/amrfinderplus-db/2026-08-07.1/AMR_DNA-Campylobacter.tsv",
                "databases/bakta/db-light/amrfinderplus-db/2026-08-07.1/AMR_DNA-Clostridioides_difficile.fa",
                "databases/bakta/db-light/amrfinderplus-db/2026-08-07.1/AMR_DNA-Clostridioides_difficile.fa.ndb",
                "databases/bakta/db-light/amrfinderplus-db/2026-08-07.1/AMR_DNA-Clostridioides_difficile.fa.nhr",
                "databases/bakta/db-light/amrfinderplus-db/2026-08-07.1/AMR_DNA-Clostridioides_difficile.fa.nin",
                "databases/bakta/db-light/amrfinderplus-db/2026-08-07.1/AMR_DNA-Clostridioides_difficile.fa.njs",
                "databases/bakta/db-light/amrfinderplus-db/2026-08-07.1/AMR_DNA-Clostridioides_difficile.fa.not",
                "databases/bakta/db-light/amrfinderplus-db/2026-08-07.1/AMR_DNA-Clostridioides_difficile.fa.nsq",
                "databases/bakta/db-light/amrfinderplus-db/2026-08-07.1/AMR_DNA-Clostridioides_difficile.fa.ntf",
                "databases/bakta/db-light/amrfinderplus-db/2026-08-07.1/AMR_DNA-Clostridioides_difficile.fa.nto",
                "databases/bakta/db-light/amrfinderplus-db/2026-08-07.1/AMR_DNA-Clostridioides_difficile.tsv",
                "databases/bakta/db-light/amrfinderplus-db/2026-08-07.1/AMR_DNA-Enterococcus_faecalis.fa",
                "databases/bakta/db-light/amrfinderplus-db/2026-08-07.1/AMR_DNA-Enterococcus_faecalis.fa.ndb",
                "databases/bakta/db-light/amrfinderplus-db/2026-08-07.1/AMR_DNA-Enterococcus_faecalis.fa.nhr",
                "databases/bakta/db-light/amrfinderplus-db/2026-08-07.1/AMR_DNA-Enterococcus_faecalis.fa.nin",
                "databases/bakta/db-light/amrfinderplus-db/2026-08-07.1/AMR_DNA-Enterococcus_faecalis.fa.njs",
                "databases/bakta/db-light/amrfinderplus-db/2026-08-07.1/AMR_DNA-Enterococcus_faecalis.fa.not",
                "databases/bakta/db-light/amrfinderplus-db/2026-08-07.1/AMR_DNA-Enterococcus_faecalis.fa.nsq",
                "databases/bakta/db-light/amrfinderplus-db/2026-08-07.1/AMR_DNA-Enterococcus_faecalis.fa.ntf",
                "databases/bakta/db-light/amrfinderplus-db/2026-08-07.1/AMR_DNA-Enterococcus_faecalis.fa.nto",
                "databases/bakta/db-light/amrfinderplus-db/2026-08-07.1/AMR_DNA-Enterococcus_faecalis.tsv",
                "databases/bakta/db-light/amrfinderplus-db/2026-08-07.1/AMR_DNA-Enterococcus_faecium.fa",
                "databases/bakta/db-light/amrfinderplus-db/2026-08-07.1/AMR_DNA-Enterococcus_faecium.fa.ndb",
                "databases/bakta/db-light/amrfinderplus-db/2026-08-07.1/AMR_DNA-Enterococcus_faecium.fa.nhr",
                "databases/bakta/db-light/amrfinderplus-db/2026-08-07.1/AMR_DNA-Enterococcus_faecium.fa.nin",
                "databases/bakta/db-light/amrfinderplus-db/2026-08-07.1/AMR_DNA-Enterococcus_faecium.fa.njs",
                "databases/bakta/db-light/amrfinderplus-db/2026-08-07.1/AMR_DNA-Enterococcus_faecium.fa.not",
                "databases/bakta/db-light/amrfinderplus-db/2026-08-07.1/AMR_DNA-Enterococcus_faecium.fa.nsq",
                "databases/bakta/db-light/amrfinderplus-db/2026-08-07.1/AMR_DNA-Enterococcus_faecium.fa.ntf",
                "databases/bakta/db-light/amrfinderplus-db/2026-08-07.1/AMR_DNA-Enterococcus_faecium.fa.nto",
                "databases/bakta/db-light/amrfinderplus-db/2026-08-07.1/AMR_DNA-Enterococcus_faecium.tsv",
                "databases/bakta/db-light/amrfinderplus-db/2026-08-07.1/AMR_DNA-Escherichia.fa",
                "databases/bakta/db-light/amrfinderplus-db/2026-08-07.1/AMR_DNA-Escherichia.fa.ndb",
                "databases/bakta/db-light/amrfinderplus-db/2026-08-07.1/AMR_DNA-Escherichia.fa.nhr",
                "databases/bakta/db-light/amrfinderplus-db/2026-08-07.1/AMR_DNA-Escherichia.fa.nin",
                "databases/bakta/db-light/amrfinderplus-db/2026-08-07.1/AMR_DNA-Escherichia.fa.njs",
                "databases/bakta/db-light/amrfinderplus-db/2026-08-07.1/AMR_DNA-Escherichia.fa.not",
                "databases/bakta/db-light/amrfinderplus-db/2026-08-07.1/AMR_DNA-Escherichia.fa.nsq",
                "databases/bakta/db-light/amrfinderplus-db/2026-08-07.1/AMR_DNA-Escherichia.fa.ntf",
                "databases/bakta/db-light/amrfinderplus-db/2026-08-07.1/AMR_DNA-Escherichia.fa.nto",
                "databases/bakta/db-light/amrfinderplus-db/2026-08-07.1/AMR_DNA-Escherichia.tsv",
                "databases/bakta/db-light/amrfinderplus-db/2026-08-07.1/AMR_DNA-Klebsiella_oxytoca.fa",
                "databases/bakta/db-light/amrfinderplus-db/2026-08-07.1/AMR_DNA-Klebsiella_oxytoca.fa.ndb",
                "databases/bakta/db-light/amrfinderplus-db/2026-08-07.1/AMR_DNA-Klebsiella_oxytoca.fa.nhr",
                "databases/bakta/db-light/amrfinderplus-db/2026-08-07.1/AMR_DNA-Klebsiella_oxytoca.fa.nin",
                "databases/bakta/db-light/amrfinderplus-db/2026-08-07.1/AMR_DNA-Klebsiella_oxytoca.fa.njs",
                "databases/bakta/db-light/amrfinderplus-db/2026-08-07.1/AMR_DNA-Klebsiella_oxytoca.fa.not",
                "databases/bakta/db-light/amrfinderplus-db/2026-08-07.1/AMR_DNA-Klebsiella_oxytoca.fa.nsq",
                "databases/bakta/db-light/amrfinderplus-db/2026-08-07.1/AMR_DNA-Klebsiella_oxytoca.fa.ntf",
                "databases/bakta/db-light/amrfinderplus-db/2026-08-07.1/AMR_DNA-Klebsiella_oxytoca.fa.nto",
                "databases/bakta/db-light/amrfinderplus-db/2026-08-07.1/AMR_DNA-Klebsiella_oxytoca.tsv",
                "databases/bakta/db-light/amrfinderplus-db/2026-08-07.1/AMR_DNA-Klebsiella_pneumoniae.fa",
                "databases/bakta/db-light/amrfinderplus-db/2026-08-07.1/AMR_DNA-Klebsiella_pneumoniae.fa.ndb",
                "databases/bakta/db-light/amrfinderplus-db/2026-08-07.1/AMR_DNA-Klebsiella_pneumoniae.fa.nhr",
                "databases/bakta/db-light/amrfinderplus-db/2026-08-07.1/AMR_DNA-Klebsiella_pneumoniae.fa.nin",
                "databases/bakta/db-light/amrfinderplus-db/2026-08-07.1/AMR_DNA-Klebsiella_pneumoniae.fa.njs",
                "databases/bakta/db-light/amrfinderplus-db/2026-08-07.1/AMR_DNA-Klebsiella_pneumoniae.fa.not",
                "databases/bakta/db-light/amrfinderplus-db/2026-08-07.1/AMR_DNA-Klebsiella_pneumoniae.fa.nsq",
                "databases/bakta/db-light/amrfinderplus-db/2026-08-07.1/AMR_DNA-Klebsiella_pneumoniae.fa.ntf",
                "databases/bakta/db-light/amrfinderplus-db/2026-08-07.1/AMR_DNA-Klebsiella_pneumoniae.fa.nto",
                "databases/bakta/db-light/amrfinderplus-db/2026-08-07.1/AMR_DNA-Klebsiella_pneumoniae.tsv",
                "databases/bakta/db-light/amrfinderplus-db/2026-08-07.1/AMR_DNA-Neisseria_gonorrhoeae.fa",
                "databases/bakta/db-light/amrfinderplus-db/2026-08-07.1/AMR_DNA-Neisseria_gonorrhoeae.fa.ndb",
                "databases/bakta/db-light/amrfinderplus-db/2026-08-07.1/AMR_DNA-Neisseria_gonorrhoeae.fa.nhr",
                "databases/bakta/db-light/amrfinderplus-db/2026-08-07.1/AMR_DNA-Neisseria_gonorrhoeae.fa.nin",
                "databases/bakta/db-light/amrfinderplus-db/2026-08-07.1/AMR_DNA-Neisseria_gonorrhoeae.fa.njs",
                "databases/bakta/db-light/amrfinderplus-db/2026-08-07.1/AMR_DNA-Neisseria_gonorrhoeae.fa.not",
                "databases/bakta/db-light/amrfinderplus-db/2026-08-07.1/AMR_DNA-Neisseria_gonorrhoeae.fa.nsq",
                "databases/bakta/db-light/amrfinderplus-db/2026-08-07.1/AMR_DNA-Neisseria_gonorrhoeae.fa.ntf",
                "databases/bakta/db-light/amrfinderplus-db/2026-08-07.1/AMR_DNA-Neisseria_gonorrhoeae.fa.nto",
                "databases/bakta/db-light/amrfinderplus-db/2026-08-07.1/AMR_DNA-Neisseria_gonorrhoeae.tsv",
                "databases/bakta/db-light/amrfinderplus-db/2026-08-07.1/AMR_DNA-Salmonella.fa",
                "databases/bakta/db-light/amrfinderplus-db/2026-08-07.1/AMR_DNA-Salmonella.fa.ndb",
                "databases/bakta/db-light/amrfinderplus-db/2026-08-07.1/AMR_DNA-Salmonella.fa.nhr",
                "databases/bakta/db-light/amrfinderplus-db/2026-08-07.1/AMR_DNA-Salmonella.fa.nin",
                "databases/bakta/db-light/amrfinderplus-db/2026-08-07.1/AMR_DNA-Salmonella.fa.njs",
                "databases/bakta/db-light/amrfinderplus-db/2026-08-07.1/AMR_DNA-Salmonella.fa.not",
                "databases/bakta/db-light/amrfinderplus-db/2026-08-07.1/AMR_DNA-Salmonella.fa.nsq",
                "databases/bakta/db-light/amrfinderplus-db/2026-08-07.1/AMR_DNA-Salmonella.fa.ntf",
                "databases/bakta/db-light/amrfinderplus-db/2026-08-07.1/AMR_DNA-Salmonella.fa.nto",
                "databases/bakta/db-light/amrfinderplus-db/2026-08-07.1/AMR_DNA-Salmonella.tsv",
                "databases/bakta/db-light/amrfinderplus-db/2026-08-07.1/AMR_DNA-Staphylococcus_aureus.fa",
                "databases/bakta/db-light/amrfinderplus-db/2026-08-07.1/AMR_DNA-Staphylococcus_aureus.fa.ndb",
                "databases/bakta/db-light/amrfinderplus-db/2026-08-07.1/AMR_DNA-Staphylococcus_aureus.fa.nhr",
                "databases/bakta/db-light/amrfinderplus-db/2026-08-07.1/AMR_DNA-Staphylococcus_aureus.fa.nin",
                "databases/bakta/db-light/amrfinderplus-db/2026-08-07.1/AMR_DNA-Staphylococcus_aureus.fa.njs",
                "databases/bakta/db-light/amrfinderplus-db/2026-08-07.1/AMR_DNA-Staphylococcus_aureus.fa.not",
                "databases/bakta/db-light/amrfinderplus-db/2026-08-07.1/AMR_DNA-Staphylococcus_aureus.fa.nsq",
                "databases/bakta/db-light/amrfinderplus-db/2026-08-07.1/AMR_DNA-Staphylococcus_aureus.fa.ntf",
                "databases/bakta/db-light/amrfinderplus-db/2026-08-07.1/AMR_DNA-Staphylococcus_aureus.fa.nto",
                "databases/bakta/db-light/amrfinderplus-db/2026-08-07.1/AMR_DNA-Staphylococcus_aureus.tsv",
                "databases/bakta/db-light/amrfinderplus-db/2026-08-07.1/AMR_DNA-Streptococcus_pneumoniae.fa",
                "databases/bakta/db-light/amrfinderplus-db/2026-08-07.1/AMR_DNA-Streptococcus_pneumoniae.fa.ndb",
                "databases/bakta/db-light/amrfinderplus-db/2026-08-07.1/AMR_DNA-Streptococcus_pneumoniae.fa.nhr",
                "databases/bakta/db-light/amrfinderplus-db/2026-08-07.1/AMR_DNA-Streptococcus_pneumoniae.fa.nin",
                "databases/bakta/db-light/amrfinderplus-db/2026-08-07.1/AMR_DNA-Streptococcus_pneumoniae.fa.njs",
                "databases/bakta/db-light/amrfinderplus-db/2026-08-07.1/AMR_DNA-Streptococcus_pneumoniae.fa.not",
                "databases/bakta/db-light/amrfinderplus-db/2026-08-07.1/AMR_DNA-Streptococcus_pneumoniae.fa.nsq",
                "databases/bakta/db-light/amrfinderplus-db/2026-08-07.1/AMR_DNA-Streptococcus_pneumoniae.fa.ntf",
                "databases/bakta/db-light/amrfinderplus-db/2026-08-07.1/AMR_DNA-Streptococcus_pneumoniae.fa.nto",
                "databases/bakta/db-light/amrfinderplus-db/2026-08-07.1/AMR_DNA-Streptococcus_pneumoniae.tsv",
                "databases/bakta/db-light/amrfinderplus-db/2026-08-07.1/changes.txt",
                "databases/bakta/db-light/amrfinderplus-db/2026-08-07.1/database_format_version.txt",
                "databases/bakta/db-light/amrfinderplus-db/2026-08-07.1/fam.tsv",
                "databases/bakta/db-light/amrfinderplus-db/2026-08-07.1/taxgroup.tsv",
                "databases/bakta/db-light/amrfinderplus-db/2026-08-07.1/version.txt",
                "databases/bakta/db-light/amrfinderplus-db/latest",
                "databases/bakta/db-light/amrfinderplus-db/latest/AMR.LIB",
                "databases/bakta/db-light/amrfinderplus-db/latest/AMR.LIB.h3f",
                "databases/bakta/db-light/amrfinderplus-db/latest/AMR.LIB.h3i",
                "databases/bakta/db-light/amrfinderplus-db/latest/AMR.LIB.h3m",
                "databases/bakta/db-light/amrfinderplus-db/latest/AMR.LIB.h3p",
                "databases/bakta/db-light/amrfinderplus-db/latest/AMRProt-mutation.tsv",
                "databases/bakta/db-light/amrfinderplus-db/latest/AMRProt-suppress.tsv",
                "databases/bakta/db-light/amrfinderplus-db/latest/AMRProt-susceptible.fa",
                "databases/bakta/db-light/amrfinderplus-db/latest/AMRProt-susceptible.tsv",
                "databases/bakta/db-light/amrfinderplus-db/latest/AMRProt.fa",
                "databases/bakta/db-light/amrfinderplus-db/latest/AMRProt.fa.pdb",
                "databases/bakta/db-light/amrfinderplus-db/latest/AMRProt.fa.phr",
                "databases/bakta/db-light/amrfinderplus-db/latest/AMRProt.fa.pin",
                "databases/bakta/db-light/amrfinderplus-db/latest/AMRProt.fa.pjs",
                "databases/bakta/db-light/amrfinderplus-db/latest/AMRProt.fa.pot",
                "databases/bakta/db-light/amrfinderplus-db/latest/AMRProt.fa.psq",
                "databases/bakta/db-light/amrfinderplus-db/latest/AMRProt.fa.ptf",
                "databases/bakta/db-light/amrfinderplus-db/latest/AMRProt.fa.pto",
                "databases/bakta/db-light/amrfinderplus-db/latest/AMR_CDS.fa",
                "databases/bakta/db-light/amrfinderplus-db/latest/AMR_CDS.fa.ndb",
                "databases/bakta/db-light/amrfinderplus-db/latest/AMR_CDS.fa.nhr",
                "databases/bakta/db-light/amrfinderplus-db/latest/AMR_CDS.fa.nin",
                "databases/bakta/db-light/amrfinderplus-db/latest/AMR_CDS.fa.njs",
                "databases/bakta/db-light/amrfinderplus-db/latest/AMR_CDS.fa.not",
                "databases/bakta/db-light/amrfinderplus-db/latest/AMR_CDS.fa.nsq",
                "databases/bakta/db-light/amrfinderplus-db/latest/AMR_CDS.fa.ntf",
                "databases/bakta/db-light/amrfinderplus-db/latest/AMR_CDS.fa.nto",
                "databases/bakta/db-light/amrfinderplus-db/latest/AMR_DNA-Acinetobacter_baumannii.fa",
                "databases/bakta/db-light/amrfinderplus-db/latest/AMR_DNA-Acinetobacter_baumannii.fa.ndb",
                "databases/bakta/db-light/amrfinderplus-db/latest/AMR_DNA-Acinetobacter_baumannii.fa.nhr",
                "databases/bakta/db-light/amrfinderplus-db/latest/AMR_DNA-Acinetobacter_baumannii.fa.nin",
                "databases/bakta/db-light/amrfinderplus-db/latest/AMR_DNA-Acinetobacter_baumannii.fa.njs",
                "databases/bakta/db-light/amrfinderplus-db/latest/AMR_DNA-Acinetobacter_baumannii.fa.not",
                "databases/bakta/db-light/amrfinderplus-db/latest/AMR_DNA-Acinetobacter_baumannii.fa.nsq",
                "databases/bakta/db-light/amrfinderplus-db/latest/AMR_DNA-Acinetobacter_baumannii.fa.ntf",
                "databases/bakta/db-light/amrfinderplus-db/latest/AMR_DNA-Acinetobacter_baumannii.fa.nto",
                "databases/bakta/db-light/amrfinderplus-db/latest/AMR_DNA-Acinetobacter_baumannii.tsv",
                "databases/bakta/db-light/amrfinderplus-db/latest/AMR_DNA-Bordetella_pertussis.fa",
                "databases/bakta/db-light/amrfinderplus-db/latest/AMR_DNA-Bordetella_pertussis.fa.ndb",
                "databases/bakta/db-light/amrfinderplus-db/latest/AMR_DNA-Bordetella_pertussis.fa.nhr",
                "databases/bakta/db-light/amrfinderplus-db/latest/AMR_DNA-Bordetella_pertussis.fa.nin",
                "databases/bakta/db-light/amrfinderplus-db/latest/AMR_DNA-Bordetella_pertussis.fa.njs",
                "databases/bakta/db-light/amrfinderplus-db/latest/AMR_DNA-Bordetella_pertussis.fa.not",
                "databases/bakta/db-light/amrfinderplus-db/latest/AMR_DNA-Bordetella_pertussis.fa.nsq",
                "databases/bakta/db-light/amrfinderplus-db/latest/AMR_DNA-Bordetella_pertussis.fa.ntf",
                "databases/bakta/db-light/amrfinderplus-db/latest/AMR_DNA-Bordetella_pertussis.fa.nto",
                "databases/bakta/db-light/amrfinderplus-db/latest/AMR_DNA-Bordetella_pertussis.tsv",
                "databases/bakta/db-light/amrfinderplus-db/latest/AMR_DNA-Campylobacter.fa",
                "databases/bakta/db-light/amrfinderplus-db/latest/AMR_DNA-Campylobacter.fa.ndb",
                "databases/bakta/db-light/amrfinderplus-db/latest/AMR_DNA-Campylobacter.fa.nhr",
                "databases/bakta/db-light/amrfinderplus-db/latest/AMR_DNA-Campylobacter.fa.nin",
                "databases/bakta/db-light/amrfinderplus-db/latest/AMR_DNA-Campylobacter.fa.njs",
                "databases/bakta/db-light/amrfinderplus-db/latest/AMR_DNA-Campylobacter.fa.not",
                "databases/bakta/db-light/amrfinderplus-db/latest/AMR_DNA-Campylobacter.fa.nsq",
                "databases/bakta/db-light/amrfinderplus-db/latest/AMR_DNA-Campylobacter.fa.ntf",
                "databases/bakta/db-light/amrfinderplus-db/latest/AMR_DNA-Campylobacter.fa.nto",
                "databases/bakta/db-light/amrfinderplus-db/latest/AMR_DNA-Campylobacter.tsv",
                "databases/bakta/db-light/amrfinderplus-db/latest/AMR_DNA-Clostridioides_difficile.fa",
                "databases/bakta/db-light/amrfinderplus-db/latest/AMR_DNA-Clostridioides_difficile.fa.ndb",
                "databases/bakta/db-light/amrfinderplus-db/latest/AMR_DNA-Clostridioides_difficile.fa.nhr",
                "databases/bakta/db-light/amrfinderplus-db/latest/AMR_DNA-Clostridioides_difficile.fa.nin",
                "databases/bakta/db-light/amrfinderplus-db/latest/AMR_DNA-Clostridioides_difficile.fa.njs",
                "databases/bakta/db-light/amrfinderplus-db/latest/AMR_DNA-Clostridioides_difficile.fa.not",
                "databases/bakta/db-light/amrfinderplus-db/latest/AMR_DNA-Clostridioides_difficile.fa.nsq",
                "databases/bakta/db-light/amrfinderplus-db/latest/AMR_DNA-Clostridioides_difficile.fa.ntf",
                "databases/bakta/db-light/amrfinderplus-db/latest/AMR_DNA-Clostridioides_difficile.fa.nto",
                "databases/bakta/db-light/amrfinderplus-db/latest/AMR_DNA-Clostridioides_difficile.tsv",
                "databases/bakta/db-light/amrfinderplus-db/latest/AMR_DNA-Enterococcus_faecalis.fa",
                "databases/bakta/db-light/amrfinderplus-db/latest/AMR_DNA-Enterococcus_faecalis.fa.ndb",
                "databases/bakta/db-light/amrfinderplus-db/latest/AMR_DNA-Enterococcus_faecalis.fa.nhr",
                "databases/bakta/db-light/amrfinderplus-db/latest/AMR_DNA-Enterococcus_faecalis.fa.nin",
                "databases/bakta/db-light/amrfinderplus-db/latest/AMR_DNA-Enterococcus_faecalis.fa.njs",
                "databases/bakta/db-light/amrfinderplus-db/latest/AMR_DNA-Enterococcus_faecalis.fa.not",
                "databases/bakta/db-light/amrfinderplus-db/latest/AMR_DNA-Enterococcus_faecalis.fa.nsq",
                "databases/bakta/db-light/amrfinderplus-db/latest/AMR_DNA-Enterococcus_faecalis.fa.ntf",
                "databases/bakta/db-light/amrfinderplus-db/latest/AMR_DNA-Enterococcus_faecalis.fa.nto",
                "databases/bakta/db-light/amrfinderplus-db/latest/AMR_DNA-Enterococcus_faecalis.tsv",
                "databases/bakta/db-light/amrfinderplus-db/latest/AMR_DNA-Enterococcus_faecium.fa",
                "databases/bakta/db-light/amrfinderplus-db/latest/AMR_DNA-Enterococcus_faecium.fa.ndb",
                "databases/bakta/db-light/amrfinderplus-db/latest/AMR_DNA-Enterococcus_faecium.fa.nhr",
                "databases/bakta/db-light/amrfinderplus-db/latest/AMR_DNA-Enterococcus_faecium.fa.nin",
                "databases/bakta/db-light/amrfinderplus-db/latest/AMR_DNA-Enterococcus_faecium.fa.njs",
                "databases/bakta/db-light/amrfinderplus-db/latest/AMR_DNA-Enterococcus_faecium.fa.not",
                "databases/bakta/db-light/amrfinderplus-db/latest/AMR_DNA-Enterococcus_faecium.fa.nsq",
                "databases/bakta/db-light/amrfinderplus-db/latest/AMR_DNA-Enterococcus_faecium.fa.ntf",
                "databases/bakta/db-light/amrfinderplus-db/latest/AMR_DNA-Enterococcus_faecium.fa.nto",
                "databases/bakta/db-light/amrfinderplus-db/latest/AMR_DNA-Enterococcus_faecium.tsv",
                "databases/bakta/db-light/amrfinderplus-db/latest/AMR_DNA-Escherichia.fa",
                "databases/bakta/db-light/amrfinderplus-db/latest/AMR_DNA-Escherichia.fa.ndb",
                "databases/bakta/db-light/amrfinderplus-db/latest/AMR_DNA-Escherichia.fa.nhr",
                "databases/bakta/db-light/amrfinderplus-db/latest/AMR_DNA-Escherichia.fa.nin",
                "databases/bakta/db-light/amrfinderplus-db/latest/AMR_DNA-Escherichia.fa.njs",
                "databases/bakta/db-light/amrfinderplus-db/latest/AMR_DNA-Escherichia.fa.not",
                "databases/bakta/db-light/amrfinderplus-db/latest/AMR_DNA-Escherichia.fa.nsq",
                "databases/bakta/db-light/amrfinderplus-db/latest/AMR_DNA-Escherichia.fa.ntf",
                "databases/bakta/db-light/amrfinderplus-db/latest/AMR_DNA-Escherichia.fa.nto",
                "databases/bakta/db-light/amrfinderplus-db/latest/AMR_DNA-Escherichia.tsv",
                "databases/bakta/db-light/amrfinderplus-db/latest/AMR_DNA-Klebsiella_oxytoca.fa",
                "databases/bakta/db-light/amrfinderplus-db/latest/AMR_DNA-Klebsiella_oxytoca.fa.ndb",
                "databases/bakta/db-light/amrfinderplus-db/latest/AMR_DNA-Klebsiella_oxytoca.fa.nhr",
                "databases/bakta/db-light/amrfinderplus-db/latest/AMR_DNA-Klebsiella_oxytoca.fa.nin",
                "databases/bakta/db-light/amrfinderplus-db/latest/AMR_DNA-Klebsiella_oxytoca.fa.njs",
                "databases/bakta/db-light/amrfinderplus-db/latest/AMR_DNA-Klebsiella_oxytoca.fa.not",
                "databases/bakta/db-light/amrfinderplus-db/latest/AMR_DNA-Klebsiella_oxytoca.fa.nsq",
                "databases/bakta/db-light/amrfinderplus-db/latest/AMR_DNA-Klebsiella_oxytoca.fa.ntf",
                "databases/bakta/db-light/amrfinderplus-db/latest/AMR_DNA-Klebsiella_oxytoca.fa.nto",
                "databases/bakta/db-light/amrfinderplus-db/latest/AMR_DNA-Klebsiella_oxytoca.tsv",
                "databases/bakta/db-light/amrfinderplus-db/latest/AMR_DNA-Klebsiella_pneumoniae.fa",
                "databases/bakta/db-light/amrfinderplus-db/latest/AMR_DNA-Klebsiella_pneumoniae.fa.ndb",
                "databases/bakta/db-light/amrfinderplus-db/latest/AMR_DNA-Klebsiella_pneumoniae.fa.nhr",
                "databases/bakta/db-light/amrfinderplus-db/latest/AMR_DNA-Klebsiella_pneumoniae.fa.nin",
                "databases/bakta/db-light/amrfinderplus-db/latest/AMR_DNA-Klebsiella_pneumoniae.fa.njs",
                "databases/bakta/db-light/amrfinderplus-db/latest/AMR_DNA-Klebsiella_pneumoniae.fa.not",
                "databases/bakta/db-light/amrfinderplus-db/latest/AMR_DNA-Klebsiella_pneumoniae.fa.nsq",
                "databases/bakta/db-light/amrfinderplus-db/latest/AMR_DNA-Klebsiella_pneumoniae.fa.ntf",
                "databases/bakta/db-light/amrfinderplus-db/latest/AMR_DNA-Klebsiella_pneumoniae.fa.nto",
                "databases/bakta/db-light/amrfinderplus-db/latest/AMR_DNA-Klebsiella_pneumoniae.tsv",
                "databases/bakta/db-light/amrfinderplus-db/latest/AMR_DNA-Neisseria_gonorrhoeae.fa",
                "databases/bakta/db-light/amrfinderplus-db/latest/AMR_DNA-Neisseria_gonorrhoeae.fa.ndb",
                "databases/bakta/db-light/amrfinderplus-db/latest/AMR_DNA-Neisseria_gonorrhoeae.fa.nhr",
                "databases/bakta/db-light/amrfinderplus-db/latest/AMR_DNA-Neisseria_gonorrhoeae.fa.nin",
                "databases/bakta/db-light/amrfinderplus-db/latest/AMR_DNA-Neisseria_gonorrhoeae.fa.njs",
                "databases/bakta/db-light/amrfinderplus-db/latest/AMR_DNA-Neisseria_gonorrhoeae.fa.not",
                "databases/bakta/db-light/amrfinderplus-db/latest/AMR_DNA-Neisseria_gonorrhoeae.fa.nsq",
                "databases/bakta/db-light/amrfinderplus-db/latest/AMR_DNA-Neisseria_gonorrhoeae.fa.ntf",
                "databases/bakta/db-light/amrfinderplus-db/latest/AMR_DNA-Neisseria_gonorrhoeae.fa.nto",
                "databases/bakta/db-light/amrfinderplus-db/latest/AMR_DNA-Neisseria_gonorrhoeae.tsv",
                "databases/bakta/db-light/amrfinderplus-db/latest/AMR_DNA-Salmonella.fa",
                "databases/bakta/db-light/amrfinderplus-db/latest/AMR_DNA-Salmonella.fa.ndb",
                "databases/bakta/db-light/amrfinderplus-db/latest/AMR_DNA-Salmonella.fa.nhr",
                "databases/bakta/db-light/amrfinderplus-db/latest/AMR_DNA-Salmonella.fa.nin",
                "databases/bakta/db-light/amrfinderplus-db/latest/AMR_DNA-Salmonella.fa.njs",
                "databases/bakta/db-light/amrfinderplus-db/latest/AMR_DNA-Salmonella.fa.not",
                "databases/bakta/db-light/amrfinderplus-db/latest/AMR_DNA-Salmonella.fa.nsq",
                "databases/bakta/db-light/amrfinderplus-db/latest/AMR_DNA-Salmonella.fa.ntf",
                "databases/bakta/db-light/amrfinderplus-db/latest/AMR_DNA-Salmonella.fa.nto",
                "databases/bakta/db-light/amrfinderplus-db/latest/AMR_DNA-Salmonella.tsv",
                "databases/bakta/db-light/amrfinderplus-db/latest/AMR_DNA-Staphylococcus_aureus.fa",
                "databases/bakta/db-light/amrfinderplus-db/latest/AMR_DNA-Staphylococcus_aureus.fa.ndb",
                "databases/bakta/db-light/amrfinderplus-db/latest/AMR_DNA-Staphylococcus_aureus.fa.nhr",
                "databases/bakta/db-light/amrfinderplus-db/latest/AMR_DNA-Staphylococcus_aureus.fa.nin",
                "databases/bakta/db-light/amrfinderplus-db/latest/AMR_DNA-Staphylococcus_aureus.fa.njs",
                "databases/bakta/db-light/amrfinderplus-db/latest/AMR_DNA-Staphylococcus_aureus.fa.not",
                "databases/bakta/db-light/amrfinderplus-db/latest/AMR_DNA-Staphylococcus_aureus.fa.nsq",
                "databases/bakta/db-light/amrfinderplus-db/latest/AMR_DNA-Staphylococcus_aureus.fa.ntf",
                "databases/bakta/db-light/amrfinderplus-db/latest/AMR_DNA-Staphylococcus_aureus.fa.nto",
                "databases/bakta/db-light/amrfinderplus-db/latest/AMR_DNA-Staphylococcus_aureus.tsv",
                "databases/bakta/db-light/amrfinderplus-db/latest/AMR_DNA-Streptococcus_pneumoniae.fa",
                "databases/bakta/db-light/amrfinderplus-db/latest/AMR_DNA-Streptococcus_pneumoniae.fa.ndb",
                "databases/bakta/db-light/amrfinderplus-db/latest/AMR_DNA-Streptococcus_pneumoniae.fa.nhr",
                "databases/bakta/db-light/amrfinderplus-db/latest/AMR_DNA-Streptococcus_pneumoniae.fa.nin",
                "databases/bakta/db-light/amrfinderplus-db/latest/AMR_DNA-Streptococcus_pneumoniae.fa.njs",
                "databases/bakta/db-light/amrfinderplus-db/latest/AMR_DNA-Streptococcus_pneumoniae.fa.not",
                "databases/bakta/db-light/amrfinderplus-db/latest/AMR_DNA-Streptococcus_pneumoniae.fa.nsq",
                "databases/bakta/db-light/amrfinderplus-db/latest/AMR_DNA-Streptococcus_pneumoniae.fa.ntf",
                "databases/bakta/db-light/amrfinderplus-db/latest/AMR_DNA-Streptococcus_pneumoniae.fa.nto",
                "databases/bakta/db-light/amrfinderplus-db/latest/AMR_DNA-Streptococcus_pneumoniae.tsv",
                "databases/bakta/db-light/amrfinderplus-db/latest/changes.txt",
                "databases/bakta/db-light/amrfinderplus-db/latest/database_format_version.txt",
                "databases/bakta/db-light/amrfinderplus-db/latest/fam.tsv",
                "databases/bakta/db-light/amrfinderplus-db/latest/taxgroup.tsv",
                "databases/bakta/db-light/amrfinderplus-db/latest/version.txt",
                "databases/bakta/db-light/antifam.h3f",
                "databases/bakta/db-light/antifam.h3i",
                "databases/bakta/db-light/antifam.h3m",
                "databases/bakta/db-light/antifam.h3p",
                "databases/bakta/db-light/bakta.db",
                "databases/bakta/db-light/expert-protein-sequences.dmnd",
                "databases/bakta/db-light/ncRNA-genes.i1f",
                "databases/bakta/db-light/ncRNA-genes.i1i",
                "databases/bakta/db-light/ncRNA-genes.i1m",
                "databases/bakta/db-light/ncRNA-genes.i1p",
                "databases/bakta/db-light/ncRNA-regions.i1f",
                "databases/bakta/db-light/ncRNA-regions.i1i",
                "databases/bakta/db-light/ncRNA-regions.i1m",
                "databases/bakta/db-light/ncRNA-regions.i1p",
                "databases/bakta/db-light/oric.fna",
                "databases/bakta/db-light/orit.fna",
                "databases/bakta/db-light/pfam.h3f",
                "databases/bakta/db-light/pfam.h3i",
                "databases/bakta/db-light/pfam.h3m",
                "databases/bakta/db-light/pfam.h3p",
                "databases/bakta/db-light/pscc.dmnd",
                "databases/bakta/db-light/rRNA.i1f",
                "databases/bakta/db-light/rRNA.i1i",
                "databases/bakta/db-light/rRNA.i1m",
                "databases/bakta/db-light/rRNA.i1p",
                "databases/bakta/db-light/rfam-go.tsv",
                "databases/bakta/db-light/sorf.dmnd",
                "databases/bakta/db-light/version.json",
                "pipeline_info",
                "pipeline_info/nf_core_bacmodel_software_versions.yml",
                "summary",
                "summary/bacmodel_summary.tsv",
                "summary/versions.yml"
            ],
            [
                "versions.yml:md5,b16b3424da0a397a592ae0f1064763cd"
            ]
        ],
        "timestamp": "2026-10-07T15:34:26.487202809",
        "meta": {
            "nf-test": "0.9.5",
            "nextflow": "26.04.4"
        }
    }
}