{
    "Params: Prokka + Gapseq": {
        "content": [
            {
                "BACMODEL_SUMMARY": {
                    "python": "3.12",
                    "pandas": "2.2.1"
                },
                "GAPSEQ_DOALL": {
                    "gapseq": "2.1.0"
                },
                "GAPSEQ_REQUESTDB": {
                    "gapseq": "2.1.0"
                },
                "MEMOTE_REPORT": {
                    "memote": "0.17.0"
                },
                "MEMOTE_RUN": {
                    "memote": "0.17.0"
                },
                "PROKKA": {
                    "prokka": "1.14.6"
                },
                "Workflow": {
                    "nf-core/bacmodel": "v1.0.0"
                }
            },
            [
                "annotation",
                "annotation/prokka",
                "annotation/prokka/faecalibacterium_taiwanense",
                "annotation/prokka/faecalibacterium_taiwanense/faecalibacterium_taiwanense.err",
                "annotation/prokka/faecalibacterium_taiwanense/faecalibacterium_taiwanense.faa",
                "annotation/prokka/faecalibacterium_taiwanense/faecalibacterium_taiwanense.ffn",
                "annotation/prokka/faecalibacterium_taiwanense/faecalibacterium_taiwanense.fna",
                "annotation/prokka/faecalibacterium_taiwanense/faecalibacterium_taiwanense.fsa",
                "annotation/prokka/faecalibacterium_taiwanense/faecalibacterium_taiwanense.gbk",
                "annotation/prokka/faecalibacterium_taiwanense/faecalibacterium_taiwanense.gff",
                "annotation/prokka/faecalibacterium_taiwanense/faecalibacterium_taiwanense.log",
                "annotation/prokka/faecalibacterium_taiwanense/faecalibacterium_taiwanense.sqn",
                "annotation/prokka/faecalibacterium_taiwanense/faecalibacterium_taiwanense.tbl",
                "annotation/prokka/faecalibacterium_taiwanense/faecalibacterium_taiwanense.tsv",
                "annotation/prokka/faecalibacterium_taiwanense/faecalibacterium_taiwanense.txt",
                "metabolic_models",
                "metabolic_models/gapseq",
                "metabolic_models/gapseq/faecalibacterium_taiwanense-Transporter-find_aligner.log",
                "metabolic_models/gapseq/faecalibacterium_taiwanense-Transporter.tbl",
                "metabolic_models/gapseq/faecalibacterium_taiwanense-all-Pathways.tbl",
                "metabolic_models/gapseq/faecalibacterium_taiwanense-all-Reactions.tbl",
                "metabolic_models/gapseq/faecalibacterium_taiwanense-all-find_aligner.log",
                "metabolic_models/gapseq/faecalibacterium_taiwanense-draft.RDS",
                "metabolic_models/gapseq/faecalibacterium_taiwanense-draft.xml",
                "metabolic_models/gapseq/faecalibacterium_taiwanense.RDS",
                "metabolic_models/gapseq/faecalibacterium_taiwanense.xml",
                "metabolic_models/memote",
                "metabolic_models/memote/faecalibacterium_taiwanense_gapseq.html",
                "metabolic_models/memote/faecalibacterium_taiwanense_gapseq.json.gz",
                "pipeline_info",
                "pipeline_info/nf_core_bacmodel_software_versions.yml",
                "summary",
                "summary/bacmodel_summary.tsv",
                "summary/versions.yml"
            ],
            [
                "versions.yml:md5,b16b3424da0a397a592ae0f1064763cd"
            ]
        ],
        "meta": {
            "nf-test": "0.9.3",
            "nextflow": "26.04.4"
        },
        "timestamp": "2026-07-28T13:50:40.477511617"
    }
}