{
    "Params: Prokka + Traitar": {
        "content": [
            {
                "BACMODEL_SUMMARY": {
                    "python": "3.12",
                    "pandas": "2.2.1"
                },
                "PROKKA": {
                    "prokka": "1.14.6"
                },
                "TRAITAR": {
                    "traitar": "0.1.1"
                },
                "TRAITAR_PFAMGET": {
                    "traitar": "0.1.1"
                },
                "Workflow": {
                    "nf-core/bacmodel": "v1.0.0"
                }
            },
            [
                "annotation",
                "annotation/prokka",
                "annotation/prokka/faecalibacterium_taiwanense",
                "annotation/prokka/faecalibacterium_taiwanense/faecalibacterium_taiwanense.err",
                "annotation/prokka/faecalibacterium_taiwanense/faecalibacterium_taiwanense.faa",
                "annotation/prokka/faecalibacterium_taiwanense/faecalibacterium_taiwanense.ffn",
                "annotation/prokka/faecalibacterium_taiwanense/faecalibacterium_taiwanense.fna",
                "annotation/prokka/faecalibacterium_taiwanense/faecalibacterium_taiwanense.fsa",
                "annotation/prokka/faecalibacterium_taiwanense/faecalibacterium_taiwanense.gbk",
                "annotation/prokka/faecalibacterium_taiwanense/faecalibacterium_taiwanense.gff",
                "annotation/prokka/faecalibacterium_taiwanense/faecalibacterium_taiwanense.log",
                "annotation/prokka/faecalibacterium_taiwanense/faecalibacterium_taiwanense.sqn",
                "annotation/prokka/faecalibacterium_taiwanense/faecalibacterium_taiwanense.tbl",
                "annotation/prokka/faecalibacterium_taiwanense/faecalibacterium_taiwanense.tsv",
                "annotation/prokka/faecalibacterium_taiwanense/faecalibacterium_taiwanense.txt",
                "phenotype",
                "phenotype/traitar",
                "phenotype/traitar/faecalibacterium_taiwanense",
                "phenotype/traitar/faecalibacterium_taiwanense/phenotype_prediction",
                "phenotype/traitar/faecalibacterium_taiwanense/phenotype_prediction/predictions_flat_majority-votes_combined.txt",
                "phenotype/traitar/faecalibacterium_taiwanense/phenotype_prediction/predictions_flat_single-votes_combined.txt",
                "phenotype/traitar/faecalibacterium_taiwanense/phenotype_prediction/predictions_majority-vote_combined.txt",
                "phenotype/traitar/faecalibacterium_taiwanense/phenotype_prediction/predictions_single-votes_combined.txt",
                "phenotype/traitar/faecalibacterium_taiwanense/predictions_conservative-vote.txt",
                "phenotype/traitar/faecalibacterium_taiwanense/predictions_majority-vote.txt",
                "phenotype/traitar/faecalibacterium_taiwanense/predictions_raw.txt",
                "phenotype/traitar/faecalibacterium_taiwanense/predictions_single-votes.txt",
                "pipeline_info",
                "pipeline_info/nf_core_bacmodel_software_versions.yml",
                "summary",
                "summary/bacmodel_summary.tsv",
                "summary/versions.yml"
            ],
            [
                "versions.yml:md5,b16b3424da0a397a592ae0f1064763cd"
            ]
        ],
        "meta": {
            "nf-test": "0.9.3",
            "nextflow": "26.04.4"
        },
        "timestamp": "2026-08-17T13:00:06.736067673"
    }
}